(module
  (type $type0 (func))
  (func $func0
    i32.const -2147483648
    drop
  )
)
