(module
  (type $type0 (func))
  (func $func0
    f32.const -0x1.000000p127
    drop
  )
)
