(module
  (type $type0 (func))
  (func $func0
    i64.const -9223372036854775808
    drop
  )
)
