(module
  (table 0 1 anyfunc)
  (export "a" (table 0))
)
