(module
  (table (;0;) 0 anyfunc)
  (export "a" (table 0))
  (export "b" (table 0))
)
