(module
  (memory 0)
  (export "a" memory)
  (export "b" memory)
)
