(module
  (type $type0 (func (param f32 f32) (result i32)))
  (type $type1 (func (param f64 f64) (result i32)))
  (type $type2 (func (param f64 f32) (result f32)))
  (export "f32.recoding_eq" $func0)
  (export "f32.recoding_le" $func1)
  (export "f32.recoding_lt" $func2)
  (export "f64.recoding_eq" $func3)
  (export "f64.recoding_le" $func4)
  (export "f64.recoding_lt" $func5)
  (export "recoding_demote" $func6)
  (func $func0 (param $var0 f32) (param $var1 f32) (result i32)
    get_local $var0
    get_local $var1
    f32.mul
    get_local $var0
    f32.eq
  )
  (func $func1 (param $var0 f32) (param $var1 f32) (result i32)
    get_local $var0
    get_local $var1
    f32.mul
    get_local $var0
    f32.le
  )
  (func $func2 (param $var0 f32) (param $var1 f32) (result i32)
    get_local $var0
    get_local $var1
    f32.mul
    get_local $var0
    f32.lt
  )
  (func $func3 (param $var0 f64) (param $var1 f64) (result i32)
    get_local $var0
    get_local $var1
    f64.mul
    get_local $var0
    f64.eq
  )
  (func $func4 (param $var0 f64) (param $var1 f64) (result i32)
    get_local $var0
    get_local $var1
    f64.mul
    get_local $var0
    f64.le
  )
  (func $func5 (param $var0 f64) (param $var1 f64) (result i32)
    get_local $var0
    get_local $var1
    f64.mul
    get_local $var0
    f64.lt
  )
  (func $func6 (param $var0 f64) (param $var1 f32) (result f32)
    get_local $var0
    f32.demote/f64
    get_local $var1
    f32.mul
  )
)
