(module
  (type $type0 (func (param i32 i32) (result i32)))
  (type $type1 (func (param i32) (result i32)))
  (export "add" $func0)
  (export "sub" $func1)
  (export "mul" $func2)
  (export "div_s" $func3)
  (export "div_u" $func4)
  (export "rem_s" $func5)
  (export "rem_u" $func6)
  (export "and" $func7)
  (export "or" $func8)
  (export "xor" $func9)
  (export "shl" $func10)
  (export "shr_s" $func11)
  (export "shr_u" $func12)
  (export "rotl" $func13)
  (export "rotr" $func14)
  (export "clz" $func15)
  (export "ctz" $func16)
  (export "popcnt" $func17)
  (export "eqz" $func18)
  (export "eq" $func19)
  (export "ne" $func20)
  (export "lt_s" $func21)
  (export "lt_u" $func22)
  (export "le_s" $func23)
  (export "le_u" $func24)
  (export "gt_s" $func25)
  (export "gt_u" $func26)
  (export "ge_s" $func27)
  (export "ge_u" $func28)
  (func $func0 (param $var0 i32) (param $var1 i32) (result i32)
    get_local $var0
    get_local $var1
    i32.add
  )
  (func $func1 (param $var0 i32) (param $var1 i32) (result i32)
    get_local $var0
    get_local $var1
    i32.sub
  )
  (func $func2 (param $var0 i32) (param $var1 i32) (result i32)
    get_local $var0
    get_local $var1
    i32.mul
  )
  (func $func3 (param $var0 i32) (param $var1 i32) (result i32)
    get_local $var0
    get_local $var1
    i32.div_s
  )
  (func $func4 (param $var0 i32) (param $var1 i32) (result i32)
    get_local $var0
    get_local $var1
    i32.div_u
  )
  (func $func5 (param $var0 i32) (param $var1 i32) (result i32)
    get_local $var0
    get_local $var1
    i32.rem_s
  )
  (func $func6 (param $var0 i32) (param $var1 i32) (result i32)
    get_local $var0
    get_local $var1
    i32.rem_u
  )
  (func $func7 (param $var0 i32) (param $var1 i32) (result i32)
    get_local $var0
    get_local $var1
    i32.and
  )
  (func $func8 (param $var0 i32) (param $var1 i32) (result i32)
    get_local $var0
    get_local $var1
    i32.or
  )
  (func $func9 (param $var0 i32) (param $var1 i32) (result i32)
    get_local $var0
    get_local $var1
    i32.xor
  )
  (func $func10 (param $var0 i32) (param $var1 i32) (result i32)
    get_local $var0
    get_local $var1
    i32.shl
  )
  (func $func11 (param $var0 i32) (param $var1 i32) (result i32)
    get_local $var0
    get_local $var1
    i32.shr_s
  )
  (func $func12 (param $var0 i32) (param $var1 i32) (result i32)
    get_local $var0
    get_local $var1
    i32.shr_u
  )
  (func $func13 (param $var0 i32) (param $var1 i32) (result i32)
    get_local $var0
    get_local $var1
    i32.rotl
  )
  (func $func14 (param $var0 i32) (param $var1 i32) (result i32)
    get_local $var0
    get_local $var1
    i32.rotr
  )
  (func $func15 (param $var0 i32) (result i32)
    get_local $var0
    i32.clz
  )
  (func $func16 (param $var0 i32) (result i32)
    get_local $var0
    i32.ctz
  )
  (func $func17 (param $var0 i32) (result i32)
    get_local $var0
    i32.popcnt
  )
  (func $func18 (param $var0 i32) (result i32)
    get_local $var0
    i32.eqz
  )
  (func $func19 (param $var0 i32) (param $var1 i32) (result i32)
    get_local $var0
    get_local $var1
    i32.eq
  )
  (func $func20 (param $var0 i32) (param $var1 i32) (result i32)
    get_local $var0
    get_local $var1
    i32.ne
  )
  (func $func21 (param $var0 i32) (param $var1 i32) (result i32)
    get_local $var0
    get_local $var1
    i32.lt_s
  )
  (func $func22 (param $var0 i32) (param $var1 i32) (result i32)
    get_local $var0
    get_local $var1
    i32.lt_u
  )
  (func $func23 (param $var0 i32) (param $var1 i32) (result i32)
    get_local $var0
    get_local $var1
    i32.le_s
  )
  (func $func24 (param $var0 i32) (param $var1 i32) (result i32)
    get_local $var0
    get_local $var1
    i32.le_u
  )
  (func $func25 (param $var0 i32) (param $var1 i32) (result i32)
    get_local $var0
    get_local $var1
    i32.gt_s
  )
  (func $func26 (param $var0 i32) (param $var1 i32) (result i32)
    get_local $var0
    get_local $var1
    i32.gt_u
  )
  (func $func27 (param $var0 i32) (param $var1 i32) (result i32)
    get_local $var0
    get_local $var1
    i32.ge_s
  )
  (func $func28 (param $var0 i32) (param $var1 i32) (result i32)
    get_local $var0
    get_local $var1
    i32.ge_u
  )
)
