(module
  (type $type0 (func (param i64) (result i64)))
  (import $import0 "test" "func-i64->i64" (func (param i64) (result i64)))
)
