(module
  (import $table0 "test" "table-10-inf" (table 5 anyfunc))
)
