(module
  (type $type0 (func (result i32)))
  (import $import0 "test" "func" (func (result i32)))
)
