(module
  (import $table0 "spectest" "table" (table 5 25 anyfunc))
)
