(module
  (type $type0 (func (result f32)))
  (import $import0 "test" "func->f32" (func (result f32)))
)
