(module
  (import $table0 "test" "memory-2-inf" (table 10 anyfunc))
)
