(module
  (type $type0 (func (result i64)))
  (import $import0 "test" "func->i32" (func (result i64)))
)
