(module
  (import $table0 "test" "table-10-inf" (table 10 20 anyfunc))
)
