(module
  (type $type0 (func))
  (import $import0 "test" "unknown" (func))
)
