(module
  (import "spectest" "memory""spectest" "memory" (memory (;0;) 1 3))
)
