(module
  (type $type0 (func (param i64)))
  (import $import0 "test" "func-i32" (func (param i64)))
)
