(module
  (type $type0 (func))
  (import $import0 "spectest" "global" (func))
)
