(module
  (import $table0 "spectest" "table" (table 12 anyfunc))
)
