(module
  (import "test" "func-i32" (memory 1))
)
