(module
  (import "test" "memory-2-inf""test" "memory-2-inf" (memory (;0;) 0))
)
