(module
  (type $type0 (func (param i32) (result i32)))
  (import $import0 "reexport_f" "print" (func (param i32) (result i32)))
)
