(module
  (type $type0 (func))
  (import $table0 "Mt" "tab" (table 0 anyfunc))
  (elem  (i32.const 9) $func0)
  (func $func0
  )
)
