(module
  (type $type0 (func (result i32)))
  (import $import0 "Mf" "call" (func (result i32)))
  (export "Mf.call" $import0)
  (export "call Mf.call" $func1)
  (export "call" $func2)
  (func $func1 (result i32)
    call $import0
  )
  (func $func2 (result i32)
    call $func3
  )
  (func $func3 (result i32)
    i32.const 3
  )
)
