(module
  (import "Mm" "mem""Mm" "mem" (memory (;0;) 0))
  (data (i32.const 65535)
    "a"
  )
)
