(module
  (type $type0 (func))
  (import "Mm" "mem" (memory 1))
  (table 0 anyfunc)
  (elem  (i32.const 0) $func0)
  (func $func0
  )
  (data (i32.const 0)
    "abc"
  )
)
