(module
  (type $type0 (func (param i64)))
  (import $import0 "reexport_f" "print" (func (param i64)))
)
