(module
  (import $global0 (global i32))
  (memory 1)
  (data (get_global $global0)
    "a"
  )
)
