(module
  (type $type0 (func (param i32)))
  (type $type1 (func (param i32 i32)))
  (import $import0 "spectest" "print" (func (param i32)))
  (import $import1 "spectest" "print" (func (param i32)))
  (export "print32" $func2)
  (func $func2 (param $var0 i32) (param $var1 i32)
    get_local $var0
    call $import0
    get_local $var1
    call $import1
  )
)
