(module
  (type $type0 (func (param i32)))
  (type $type1 (func))
  (import $import0 "spectest" "print" (func (param i32)))
  (start $func1  )
  (func $func1
    i32.const 1
    call $import0
  )
)
